n = 800, B = 4096, 4087 distinct live positions, 6 order-balanced rounds, int8 FFN+QKV+out_proj, 2 boards/CTA
  round 0  none   35.075 s
  round 0  ln1    36.156 s
  round 0  both   37.208 s
  round 1  both   37.339 s
  round 1  ln1    36.496 s
  round 1  none   35.686 s
  round 2  none   35.747 s
  round 2  ln1    36.728 s
  round 2  both   37.651 s
  round 3  both   37.644 s
  round 3  ln1    36.845 s
  round 3  none   35.952 s
  round 4  none   35.937 s
  round 4  ln1    36.954 s
  round 4  both   37.876 s
  round 5  both   37.940 s
  round 5  ln1    37.055 s
  round 5  none   36.171 s

  none    35.761 s/move       90253 useful evals/s   1.0000x   +0.00 %
  ln1     36.705 s/move       87932 useful evals/s   0.9743x   +2.64 %
  both    37.609 s/move       85818 useful evals/s   0.9509x   +5.17 %
